../Core/Src/main.c:77:5:main	8	static
../Core/Src/main.c:151:6:SystemClock_Config	88	static
../Core/Src/main.c:198:13:MX_USART2_UART_Init	8	static
../Core/Src/main.c:229:13:MX_DMA_Init	16	static
../Core/Src/main.c:250:13:MX_GPIO_Init	48	static
../Core/Src/main.c:279:6:welcome	232	static
../Core/Src/main.c:289:6:LEDControl	8	static
../Core/Src/main.c:299:6:UARTInterruptConfig	8	static
../Core/Src/main.c:304:6:HAL_UART_RxCpltCallback	16	static
../Core/Src/main.c:400:6:Error_Handler	4	static,ignoring_inline_asm
